
> msqexam@0.1.0 build
> next build

Γû▓ Next.js 16.1.6 (Turbopack)
- Environments: .env

  Creating an optimized production build ...
Γ£ô Compiled successfully in 34.4s
  Running TypeScript ...
node.exe : Failed 
to compile.
At C:\Users\sanut\Ap
pData\Roaming\npm\np
m.ps1:24 char:5
+     & "node$exe"  
"$basedir/node_modul
es/npm/bin/npm-cli.j
s" $args
+     ~~~~~~~~~~~~~~
~~~~~~~~~~~~~~~~~~~~
~~~~~~~~~~~~~~~~~~~~
~~~~~~~~
    + CategoryInfo  
            : NotS  
  pecified: (Fail   
 ed to compile.:    
String) [], Rem    
oteException
    + FullyQualifie 
   dErrorId : Nati  
  veCommandError
 

./app/api/exams/[exa
mId]/download-seb/ro
ute.ts:21:23
Type error: 
Property 
'sebConfigFile' 
does not exist on 
type '{ id: string; 
title: string; 
duration: number; 
totalMarks: number; 
startTime: string; 
endTime: string; 
status: "active" | 
"upcoming" | 
"completed"; 
proctoringEnabled: 
number; 
showResults: 
number; 
sectionsConfig: 
string | null; 
blueprint: string | 
null; 
generatedQuestions: 
string | null; 
createdAt: Date; }'.

[0m [90m 19 
|[39m         
[36mconst[39m 
examData 
[33m=[39m exam[[3
5m0[39m][33m;[39m
 [90m 20 |[39m
[31m[1m>[22m[39m
[90m 21 |[39m     
    [36mif[39m ([
33m![39mexamData[3
3m.[39msebConfigFil
e [33m||[39m [33m
![39mexamData[33m.
[39msebFileName) {
 [90m    |[39m    
                   
[31m[1m^[22m[39m
 [90m 22 |[39m    
         
[36mreturn[39m [3
3mNextResponse[39m
[33m.[39mjson({ 
error[33m:[39m 
[32m"No SEB 
configuration 
available for this 
exam"[39m 
}[33m,[39m { 
status[33m:[39m 
[35m404[39m 
})[33m;[39m
 [90m 23 |[39m    
     }
 [90m 24 |[39m[0m
Next.js build 
worker exited with 
code: 1 and signal: 
null
